v1
Not Found!
value 1
value 2
Not Found!
Not Found!
Not Found!
Not Found!
