Name1
Not Found!
HelloWorld
Not Found!
Not Found!
what
Not Found!
Not Found!
